// Jest Snapshot v1, https://goo.gl/fbAQLP

exports[`Given expected input, output is as expected 1`] = `
Array [
  Object {
    "bands": Array [
      Object {
        "festivals": Array [
          "LOL-palooza",
        ],
        "name": "Winter Primates",
      },
    ],
    "recordLabel": "",
  },
  Object {
    "bands": Array [
      Object {
        "festivals": Array [],
        "name": "Critter Girls",
      },
      Object {
        "festivals": Array [
          "Trainerella",
        ],
        "name": "Manish Ditch",
      },
    ],
    "recordLabel": "ACR",
  },
  Object {
    "bands": Array [
      Object {
        "festivals": Array [
          "Trainerella",
        ],
        "name": "YOUKRANE",
      },
    ],
    "recordLabel": "Anti Records",
  },
  Object {
    "bands": Array [
      Object {
        "festivals": Array [
          "LOL-palooza",
        ],
        "name": "Jill Black",
      },
      Object {
        "festivals": Array [
          "Small Night In",
        ],
        "name": "The Black Dashes",
      },
    ],
    "recordLabel": "Fourth Woman Records",
  },
  Object {
    "bands": Array [
      Object {
        "festivals": Array [
          "Small Night In",
        ],
        "name": "Green Mild Cold Capsicum",
      },
    ],
    "recordLabel": "Marner Sis. Recording",
  },
  Object {
    "bands": Array [
      Object {
        "festivals": Array [
          "Small Night In",
        ],
        "name": "Yanke East",
      },
    ],
    "recordLabel": "MEDIOCRE Music",
  },
  Object {
    "bands": Array [
      Object {
        "festivals": Array [
          "Trainerella",
        ],
        "name": "Adrian Venti",
      },
    ],
    "recordLabel": "Monocracy Records",
  },
  Object {
    "bands": Array [
      Object {
        "festivals": Array [
          "Small Night In",
        ],
        "name": "Squint-281",
      },
    ],
    "recordLabel": "Outerscope",
  },
  Object {
    "bands": Array [
      Object {
        "festivals": Array [
          "LOL-palooza",
        ],
        "name": "Frank Jupiter",
      },
      Object {
        "festivals": Array [],
        "name": "Propeller",
      },
    ],
    "recordLabel": "Pacific Records",
  },
  Object {
    "bands": Array [
      Object {
        "festivals": Array [
          "Small Night In",
          "Trainerella",
        ],
        "name": "Wild Antelope",
      },
    ],
    "recordLabel": "Still Bottom Records",
  },
  Object {
    "bands": Array [
      Object {
        "festivals": Array [
          "LOL-palooza",
        ],
        "name": "Werewolf Weekday",
      },
    ],
    "recordLabel": "XS Recordings",
  },
]
`;
